// Jest Snapshot v1, https://goo.gl/fbAQLP

exports[`ColorSelector matches a snapshot 1`] = `
<div>
  <label>
    Choose a font color:
    <br />
    <input
      name="color"
      onChange={[MockFunction]}
      type="color"
      value="#ffffff"
    />
  </label>
  <br />
  <label>
    Choose a background color:
    <br />
    <input
      name="backgroundColor"
      onChange={[MockFunction]}
      type="color"
      value="#000000"
    />
  </label>
</div>
`;
